{
  "version": "1.5.0",
  "plugins_used": [
    {
      "name": "ArtifactoryDetector"
    },
    {
      "name": "AWSKeyDetector"
    },
    {
      "name": "AzureStorageKeyDetector"
    },
    {
      "name": "Base64HighEntropyString",
      "limit": 4.5
    },
    {
      "name": "BasicAuthDetector"
    },
    {
      "name": "CloudantDetector"
    },
    {
      "name": "DiscordBotTokenDetector"
    },
    {
      "name": "GitHubTokenDetector"
    },
    {
      "name": "GitLabTokenDetector"
    },
    {
      "name": "HexHighEntropyString",
      "limit": 3.0
    },
    {
      "name": "IbmCloudIamDetector"
    },
    {
      "name": "IbmCosHmacDetector"
    },
    {
      "name": "IPPublicDetector"
    },
    {
      "name": "JwtTokenDetector"
    },
    {
      "name": "KeywordDetector",
      "keyword_exclude": ""
    },
    {
      "name": "MailchimpDetector"
    },
    {
      "name": "NpmDetector"
    },
    {
      "name": "OpenAIDetector"
    },
    {
      "name": "PrivateKeyDetector"
    },
    {
      "name": "PypiTokenDetector"
    },
    {
      "name": "SendGridDetector"
    },
    {
      "name": "SlackDetector"
    },
    {
      "name": "SoftlayerDetector"
    },
    {
      "name": "SquareOAuthDetector"
    },
    {
      "name": "StripeDetector"
    },
    {
      "name": "TelegramBotTokenDetector"
    },
    {
      "name": "TwilioKeyDetector"
    }
  ],
  "filters_used": [
    {
      "path": "detect_secrets.filters.allowlist.is_line_allowlisted"
    },
    {
      "path": "detect_secrets.filters.common.is_baseline_file",
      "filename": ".secrets.baseline"
    },
    {
      "path": "detect_secrets.filters.common.is_ignored_due_to_verification_policies",
      "min_level": 2
    },
    {
      "path": "detect_secrets.filters.heuristic.is_indirect_reference"
    },
    {
      "path": "detect_secrets.filters.heuristic.is_likely_id_string"
    },
    {
      "path": "detect_secrets.filters.heuristic.is_lock_file"
    },
    {
      "path": "detect_secrets.filters.heuristic.is_not_alphanumeric_string"
    },
    {
      "path": "detect_secrets.filters.heuristic.is_potential_uuid"
    },
    {
      "path": "detect_secrets.filters.heuristic.is_prefixed_with_dollar_sign"
    },
    {
      "path": "detect_secrets.filters.heuristic.is_sequential_string"
    },
    {
      "path": "detect_secrets.filters.heuristic.is_swagger_file"
    },
    {
      "path": "detect_secrets.filters.heuristic.is_templated_secret"
    }
  ],
  "results": {
    ".claude/agents/iac-agent.md": [
      {
        "type": "Secret Keyword",
        "filename": ".claude/agents/iac-agent.md",
        "hashed_secret": "0dfb26acbbbae2b6c43b3d37fffc38b1f4a1a205",
        "is_verified": false,
        "line_number": 105
      }
    ],
    ".claude/agents/security-audit-agent.md": [
      {
        "type": "Secret Keyword",
        "filename": ".claude/agents/security-audit-agent.md",
        "hashed_secret": "75168d9452e24f61bbfe29348623f907739cb688",
        "is_verified": false,
        "line_number": 118
      }
    ],
    "docs/PRODUCTION-RUNBOOK.md": [
      {
        "type": "Secret Keyword",
        "filename": "docs/PRODUCTION-RUNBOOK.md",
        "hashed_secret": "fae01501660713c73198c342801557865b88990f",
        "is_verified": false,
        "line_number": 593
      }
    ],
    "docs/WALKTHROUGHS/03-cost-kill-switch-triggered.md": [
      {
        "type": "Secret Keyword",
        "filename": "docs/WALKTHROUGHS/03-cost-kill-switch-triggered.md",
        "hashed_secret": "d3053d5db9cc8cb93b26db3c26c76bdfdff06ace",
        "is_verified": false,
        "line_number": 273
      }
    ],
    "docs/WALKTHROUGHS/04-secret-redaction.md": [
      {
        "type": "Secret Keyword",
        "filename": "docs/WALKTHROUGHS/04-secret-redaction.md",
        "hashed_secret": "1721fd2d50cd634d487c3bf50816cd627f77b602",
        "is_verified": false,
        "line_number": 29
      },
      {
        "type": "Base64 High Entropy String",
        "filename": "docs/WALKTHROUGHS/04-secret-redaction.md",
        "hashed_secret": "5c9927b7d332a74696f0169f958764ec39646c38",
        "is_verified": false,
        "line_number": 62
      },
      {
        "type": "Base64 High Entropy String",
        "filename": "docs/WALKTHROUGHS/04-secret-redaction.md",
        "hashed_secret": "cd276b746cc72ef8f7d214ea28f868fd28280693",
        "is_verified": false,
        "line_number": 64
      },
      {
        "type": "Secret Keyword",
        "filename": "docs/WALKTHROUGHS/04-secret-redaction.md",
        "hashed_secret": "cd276b746cc72ef8f7d214ea28f868fd28280693",
        "is_verified": false,
        "line_number": 64
      },
      {
        "type": "Secret Keyword",
        "filename": "docs/WALKTHROUGHS/04-secret-redaction.md",
        "hashed_secret": "1d278c7a5057bac15828468f030f52f07caf70bb",
        "is_verified": false,
        "line_number": 532
      },
      {
        "type": "AWS Access Key",
        "filename": "docs/WALKTHROUGHS/04-secret-redaction.md",
        "hashed_secret": "25910f981e85ca04baf359199dd0bd4a3ae738b6",
        "is_verified": false,
        "line_number": 538
      },
      {
        "type": "AWS Access Key",
        "filename": "docs/WALKTHROUGHS/04-secret-redaction.md",
        "hashed_secret": "d70eab08607a4d05faa2d0d6647206599e9abc65",
        "is_verified": false,
        "line_number": 541
      },
      {
        "type": "Base64 High Entropy String",
        "filename": "docs/WALKTHROUGHS/04-secret-redaction.md",
        "hashed_secret": "d70eab08607a4d05faa2d0d6647206599e9abc65",
        "is_verified": false,
        "line_number": 541
      },
      {
        "type": "Secret Keyword",
        "filename": "docs/WALKTHROUGHS/04-secret-redaction.md",
        "hashed_secret": "d70eab08607a4d05faa2d0d6647206599e9abc65",
        "is_verified": false,
        "line_number": 541
      },
      {
        "type": "Private Key",
        "filename": "docs/WALKTHROUGHS/04-secret-redaction.md",
        "hashed_secret": "be4fc4886bd949b369d5e092eb87494f12e57e5b",
        "is_verified": false,
        "line_number": 544
      },
      {
        "type": "Base64 High Entropy String",
        "filename": "docs/WALKTHROUGHS/04-secret-redaction.md",
        "hashed_secret": "9982077dc68d09d69a60ba385948cb30e7e987f1",
        "is_verified": false,
        "line_number": 673
      }
    ],
    "docs/WALKTHROUGHS/05-new-skill-execution.md": [
      {
        "type": "Secret Keyword",
        "filename": "docs/WALKTHROUGHS/05-new-skill-execution.md",
        "hashed_secret": "3fb48808c31e6a08a5c0381a7d7af506a2138bf6",
        "is_verified": false,
        "line_number": 365
      }
    ],
    "docs/WALKTHROUGHS/06-local-development-debug.md": [
      {
        "type": "Secret Keyword",
        "filename": "docs/WALKTHROUGHS/06-local-development-debug.md",
        "hashed_secret": "1b87a62d4fe9c1d75efe8bc0e26c9c9c842ade95",
        "is_verified": false,
        "line_number": 301
      },
      {
        "type": "Secret Keyword",
        "filename": "docs/WALKTHROUGHS/06-local-development-debug.md",
        "hashed_secret": "3f479206448259f7a1ed15f1621bea57b6d9389c",
        "is_verified": false,
        "line_number": 424
      }
    ]
  },
  "generated_at": "2026-03-07T21:34:37Z"
}
